// Jest Snapshot v1, https://goo.gl/fbAQLP

exports[`Textbox renders with InputPresentation and Input and all props passed to Input 1`] = `
<styled.div
  theme={
    Object {
      "accordion": Object {
        "background": "#E5EAEC",
        "border": "#CCD6DA",
      },
      "anchorNavigation": Object {
        "divider": "#CCD6DA",
        "navItemHoverBackground": "#E5EAEC",
      },
      "batchSelection": Object {
        "lightTheme": "#B2C1C8",
      },
      "card": Object {
        "footerBackground": "#F2F4F5",
        "footerBorder": "#E5EAEC",
        "footerText": "#00805D",
      },
      "carousel": Object {
        "activeSelectorBackground": "#668491",
        "inactiveSelectorBackground": "#CCD6DA",
      },
      "checkable": Object {
        "checked": "rgba(0,0,0,0.90)",
      },
      "colors": Object {
        "base": "#00A376",
        "black": "#000000",
        "border": "#668491",
        "brand": "#00DC00",
        "destructive": Object {
          "hover": "#9F2C3F",
        },
        "disabled": "#66C166",
        "error": "#C7384F",
        "focus": "#FFB500",
        "focusedIcon": "#335B6D",
        "focusedLinkBackground": "#FFDA7F",
        "hoveredTabKeyline": "#4CB74C",
        "info": "#0073C2",
        "previewBackground": "#BFCCD1",
        "primary": "#26A826",
        "secondary": "#006300",
        "slate": "#003349",
        "success": "#00B000",
        "tertiary": "#004400",
        "warning": "#E96400",
        "white": "#FFFFFF",
        "whiteMix": "#E5F4E5",
        "withOpacity": "rgba(0,163,118,0.55)",
      },
      "disabled": Object {
        "background": "#E5EAEC",
        "border": "#CCD6DA",
        "button": "#E5EAEC",
        "buttonText": "rgba(0,0,0,.2)",
        "disabled": "rgba(0,0,0,0.55)",
        "input": "#F2F4F5",
        "switch": "#E4E9EB",
        "text": "rgba(0,0,0,0.3)",
      },
      "draggableItem": Object {
        "border": "#E5EAEC",
      },
      "flatTable": Object {
        "default": Object {
          "hover": "#F2F4F5",
        },
      },
      "form": Object {
        "invalid": "#F2F4F5",
      },
      "help": Object {
        "color": "rgba(0,0,0,0.65)",
        "hover": "rgba(0,0,0,0.9)",
      },
      "icon": Object {
        "default": "rgba(0,0,0,0.65)",
        "defaultHover": "rgba(0,0,0,0.90)",
        "disabled": "rgba(0,0,0,0.30)",
        "onLightBackground": "#668491",
        "onLightBackgroundHover": "#335B6D",
      },
      "menu": Object {
        "divider": "#E5EAEC",
        "focus": "#F2F4F5",
        "itemColor": "rgba(0,0,0,0.9)",
        "itemColorDisabled": "rgba(0,0,0,0.3)",
      },
      "name": "base",
      "numeralDate": Object {
        "error": "#C7384F",
        "passive": "#668592",
      },
      "pager": Object {
        "active": "rgba(0,0,0,0.74)",
        "disabled": "rgba(0,0,0,0.55)",
        "hover": "rgba(0,0,0,0.90)",
      },
      "pill": Object {
        "errorButtonFocus": "#9F2C3F",
        "neutral": "#4C707F",
        "neutralBackgroundFocus": "#19475B",
        "warning": "#ED8333",
        "warningButtonFocus": "#E96400",
      },
      "pod": Object {
        "border": "#CCD6DA",
        "footerBackground": "#F2F4F5",
        "hoverBackground": "#D8E0E3",
        "secondaryBackground": "#F2F4F5",
        "tertiaryBackground": "#E5EAEC",
        "tileBackground": "#FFFFFF",
      },
      "popoverContainer": Object {
        "iconColor": "rgba(0,0,0,0.90)",
      },
      "portrait": Object {
        "background": "#F2F4F5",
        "border": "#7F99A4",
        "initials": "rgba(0,0,0,0.65)",
      },
      "rainbow": Object {
        "textColor": "#003349",
      },
      "readOnly": Object {
        "textboxBackground": "#F9FAFB",
        "textboxBorder": "#CCD6DA",
        "textboxText": "rgba(0,0,0,0.74)",
      },
      "search": Object {
        "active": "#FFDA7F",
        "button": "#255BC7",
        "passive": "#CCD6DA",
        "searchActive": "#668592",
      },
      "select": Object {
        "border": "#bfccd2",
        "selected": "#F2F4F5",
      },
      "shadows": Object {
        "cards": "0 3px 3px 0 rgba(0,20,29,0.2),0 2px 4px 0 rgba(0,20,29,0.15)",
        "cardsIE": "0 3px 3px 0 rgba(0,20,29,0.2),0 2px 4px 0 rgba(0,20,29,0.15), 0 0 1px 0 rgba(0,20,29,0.15)",
        "depth1": "0 5px 5px 0 rgba(0,20,29,0.2), 0 10px 10px 0 rgba(0,20,29,0.1)",
        "depth2": "0 10px 20px 0 rgba(0,20,29,0.2), 0 20px 40px 0 rgba(0,20,29,0.1)",
        "depth3": "0 10px 30px 0 rgba(0,20,29,0.1), 0 30px 60px 0 rgba(0,20,29,0.1)",
        "depth4": "0 10px 40px 0 rgba(0,20,29,0.04), 0 50px 80px 0 rgba(0,20,29,0.1)",
      },
      "spacing": 8,
      "switch": Object {
        "off": "#CCD6DB",
      },
      "table": Object {
        "dragging": "#E5EAEC",
        "header": "#335B6D",
        "hover": "#E5EAEC",
        "primary": "#F2F4F5",
        "secondary": "#CCD6DA",
        "selected": "#D8E0E3",
        "tertiary": "#19475B",
        "zebra": "#F9FAFB",
      },
      "text": Object {
        "color": "rgba(0,0,0,0.9)",
        "placeholder": "rgba(0,0,0,0.3)",
        "size": "14px",
      },
      "tile": Object {
        "border": "#CCD6DA",
        "separator": "#E5EAEC",
      },
    }
  }
>
  <styled.div>
    <InputPresentation
      id="mocked-guid"
      inputWidth={70}
      labelWidth={30}
      name="mocked-guid"
      size="medium"
      type="text"
    >
      southpaw children
      <Input
        id="mocked-guid"
        inputWidth={70}
        labelWidth={30}
        name="mocked-guid"
        size="medium"
        type="text"
        value="foobar"
      />
      normal children
      <InputIconToggle
        id="mocked-guid"
        inputWidth={70}
        labelWidth={30}
        name="mocked-guid"
        size="medium"
      />
    </InputPresentation>
  </styled.div>
</styled.div>
`;
