// Jest Snapshot v1, https://goo.gl/fbAQLP

exports[`InputIconToggle when initiated with children renders as expected 1`] = `
.c1 {
  display: inline-block;
  position: relative;
  color: rgba(0,0,0,0.65);
  background-color: transparent;
  -webkit-align-items: center;
  -webkit-box-align: center;
  -ms-flex-align: center;
  align-items: center;
  display: -webkit-inline-box;
  display: -webkit-inline-flex;
  display: -ms-inline-flexbox;
  display: inline-flex;
  -webkit-box-pack: center;
  -webkit-justify-content: center;
  -ms-flex-pack: center;
  justify-content: center;
  height: 24px;
  width: 24px;
}

.c1:hover {
  color: rgba(0,0,0,0.90);
  background-color: transparent;
}

.c1::before {
  -webkit-font-smoothing: antialiased;
  -moz-osx-font-smoothing: grayscale;
  font-family: CarbonIcons;
  content: "\\e91a";
  font-size: 16px;
  font-style: normal;
  font-weight: normal;
  line-height: 16px;
  vertical-align: middle;
  display: block;
}

.c0 {
  -webkit-align-items: center;
  -webkit-box-align: center;
  -ms-flex-align: center;
  align-items: center;
  cursor: pointer;
  display: -webkit-box;
  display: -webkit-flex;
  display: -ms-flexbox;
  display: flex;
  -webkit-box-pack: center;
  -webkit-justify-content: center;
  -ms-flex-pack: center;
  justify-content: center;
  margin-right: -11px;
  width: 40px;
}

<span
  className="c0"
  size="medium"
>
  <span
    className="c1"
    data-component="icon"
    data-element="settings"
    disabled={false}
    fontSize="small"
    type="settings"
  />
</span>
`;
